#PVF_File

1
`ATMage/WindStrike.skl`
2
`ATMage/ChainLightning.skl`
3
`ATMage/CrystalAttack.skl`
4
`ATMage/DarkChange.skl`
5
`ATMage/ElementalChange.skl`
6
`ATMage/FireRoad.skl`
7
`ATMage/IceRoad.skl`
8
`ATMage/IceSword.skl`
9
`ATMage/HolongLight.skl`
10
`ATMage/PieceOfIce.skl`
11
`ATMage/FlameCircle.skl`
12
`ATMage/BlueDragonWill.skl`
13
`ATMage/FrozenLand.skl`
14
`ATMage/IceArea.skl`
15
`ATMage/IceCrash.skl`
16
`ATMage/BrokenArrow.skl`
17
`ATMage/PushOut.skl`
18
`ATMage/MagicCannon.skl`
19
`ATMage/MagicShield.skl`
20
`ATMage/Teleport.skl`
21
`ATMage/FallenBlossoms.skl`
22
`ATMage/Expression.skl`
23
`ATMage/TurnWindmill.skl`
24
`ATMage/DarknessMantle.skl`
25
`ATMage/MultiShot.skl`
26
`ATMage/WaterCannon.skl`
27
`ATMage/FirePillar.skl`
28
`ATMage/ManaBurst.skl`
29
`ATMage/LightningWall.skl`
30
`ATMage/ElementalRain.skl`
31
`ATMage/Resonance.skl`
32
`ATMage/IceMan.skl`
33
`ATMage/DieHard.skl`
34
`ATMage/ElementalShield.skl`
35
`ATMage/IceElementalAttack.skl`
36
`ATMage/ArmorMasteryClothEB.skl`
37
`ATMage/ArmorMasteryLeatherGM.skl`
48
`ATMage/IceChakram.skl`
49
`ATMage/ElementalBuster.skl`
50
`ATMage/TundraSoul.skl`
51
`ATMage/ElementalChain.skl`
60
`ATMage/IceOrbEx.skl`
61
`ATMage/Concentrate.skl`
62
`ATMage/ElementalStrikeEx.skl`
63
`ATMage/IceFieldEx.skl`
92
`ATMage/BasicAttackUpEx.skl`
167
`ATMage/wind/powerofwindgod.skl`
169
`ATMage/BackStep.skl`
170
`ATMage/wind/secendwind.skl`
172
`ATMage/ArmorMasteryLight.skl`
173
`ATMage/ArmorMasteryHeavy.skl`
174
`ATMage/BasicAttackUp.skl`
175
`ATMage/JumpPowerUp.skl`
176
`ATMage/MagicalAttackUp.skl`
177
`ATMage/ThrowMastery.skl`
178
`ATMage/PhysicalBackAttackCritical.skl`
179
`ATMage/DisjointItem.skl`
180
`ATMage/SuperArmorOnCast.skl`
181
`ATMage/CompoundCraft.skl`
182
`ATMage/CompoundWeaving.skl`
183
`ATMage/CompoundMachine.skl`
184
`ATMage/CompoundChemistry.skl`
185
`ATMage/ArmorMasteryLeather.skl`
186
`ATMage/PhysicalCriticalHitUp.skl`
187
`ATMage/ArmorMasteryCloth.skl`
188
`ATMage/MagicalCriticalHitUp.skl`
189
`ATMage/MagicalBackAttackCritical.skl`
190
`ATMage/QuickStanding.skl`
195
`ATMage/BasicHpMaxUp.skl`
196
`ATMage/ArmorMasteryPlate.skl`
197
`ATMage/Conversion.skl`
200
`ATMage/StatusUp.skl`
201
`ATMage/ExperienceUp.skl`
191
`ATMage/Enchant.skl`
192
`ATMage/DollMaking.skl`
193
`ATMage/Alchemy.skl`
194
`ATMage/OpenDisjointShop.skl`
211
`ATMage/WindStrikeEx.skl`
212
`ATMage/ChainLightningEx.skl`
213
`ATMage/CrystalAttackEx.skl`
214
`ATMage/DarkChangeEx.skl`
216
`ATMage/FireRoadEx.skl`
217
`ATMage/IceRoadEx.skl`
218
`ATMage/IceSwordEx.skl`
219
`ATMage/HolongLightEx.skl`
220
`ATMage/PieceOfIceEx.skl`
221
`ATMage/FlameCircleEx.skl`
222
`ATMage/BlueDragonWillEx.skl`
223
`ATMage/FrozenLandEx.skl`
224
`ATMage/IceAreaEx.skl`
225
`ATMage/IceCrashEx.skl`
226
`ATMage/BrokenArrowEx.skl`
227
`ATMage/PushOutEx.skl`
228
`ATMage/MagicCannonEx.skl`
229
`ATMage/MagicShieldEx.skl`
231
`ATMage/FallenBlossomsEx.skl`
233
`ATMage/TurnWindmillEx.skl`
234
`ATMage/DarknessMantleEx.skl`
235
`ATMage/MultiShotEx.skl`
236
`ATMage/WaterCannonEx.skl`
237
`ATMage/FirePillarEx.skl`
239
`ATMage/LightningWallEx.skl`
240
`ATMage/ElementalRainEx.skl`
241
`ATMage/ResonanceEx.skl`
242
`ATMage/IceManEx.skl`
243
`ATMage/atmage_elementalfield.skl`
244
`ATMage/atmage_convergencecannon.skl`
245
`ATMage/atmage_armageddonstrike.skl`
246
`ATMage/atmage_shardmagnum.skl`
247
`ATMage/atmage_overfreezeextension.skl`
248
`ATMage/atmage_judekatheeternal.skl`
199
`ATMage/darkeye.skl`
254
`ATMage/LATENTABILITY.skl`
171
`ATMage/atmage_comminterrupt.skl`
38
`atmage/wind/cancel.skl`
39
`atmage/wind/nullchange.skl`
40
`atmage/wind/particlehop.skl`
41
`atmage/wind/particleline.skl`
42
`atmage/wind/particlestrom.skl`
43
`atmage/wind/blackhole.skl`
44
`ATMage/wind/ChainLightningEx.skl`
45
`ATMage/wind/CrystalAttackEx.skl`
52
`ATMage/blood/DarkChangeEx.skl`
53
`ATMage/blood/FireRoadEx.skl`
54
`ATMage/blood/FlameCircleEx.skl`
55
`ATMage/blood/IceAreaEx.skl`
56
`ATMage/blood/MagicShieldEx.skl`
57
`ATMage/blood/DarknessMantleEx.skl`
58
`ATMage/blood/LightningWallEx.skl`
59
`ATMage/blood/ElementalRainEx.skl`
80
`ATMage/ConvergenceReact.skl`
81
`ATMage/MicroUniverse.skl`
82
`ATMage/GlaciesEdge.skl`
83
`ATMage/Nastrond.skl`
84
`ATMage/BloodStinger.skl`
85
`ATMage/ExtremityPerish.skl`
91
`ATMage/null/EquipBroom.skl`
94
`atmage/blood/wing.skl`
95
`atmage/blood/bloodscream.skl`
96
`atmage/blood/bloodhit.skl`
97
`atmage/blood/bloodfire.skl`
98
`atmage/blood/wingout.skl`
99
`atmage/blood/bloodstay.skl`
101
`atmage/wind/inwind.skl`
102
`atmage/wind/inhang.skl`
103
`atmage/blood/bloodsong.skl`
104
`atmage/wind/jumpattackwin.skl`
105
`atmage/blood/blooddown.skl`
106
`atmage/blood/blooddoghold.skl`
107
`atmage/blood/bloodhang.skl`
108
`atmage/null/cancel.skl`
109
`atmage/wind/area.skl`
110
`atmage/wind/winbreak.skl`
111
`atmage/blood/blood45.skl`
112
`atmage/blood/bloodcut.skl`
113
`atmage/normal/abyss.skl`
115
`atmage/blood/blooddance.skl`
116
`atmage/blood/blooddog.skl`
117
`atmage/blood/bloodcastle.skl`
118
`atmage/blood/bloodhold.skl`
119
`atmage/blood/blood50_passive.skl`
120
`atmage/blood/blood85_passive.skl`
121
`atmage/wind/win85.skl`
122
`atmage/blood/bloodone.skl`
123
`atmage/blood/newblooddoghold.skl`
124
`atmage/null/null85.skl`
125
`atmage/null/summon_woman.skl`
126
`atmage/null/null50.skl`
127
`atmage/null/timetape.skl`
128
`atmage/blood/bloodin.skl`
129
`atmage/blood/bloodoath.skl`
130
`atmage/blood/throwbat.skl`
131
`atmage/wind/stickmaster.skl`
132
`atmage/wind/windcut.skl`
133
`atmage/wind/windsowrd.skl`
134
`atmage/wind/stormquake.skl`
135
`atmage/wind/secondwindhit.skl`
136
`atmage/wind/raginwind.skl`
137
`atmage/wind/throwattack.skl`
138
`atmage/wind/windblow.skl`
139
`atmage/wind/lostcontrolwind.skl`
140
`atmage/null/womancontrol.skl`
141
`atmage/null/womandance.skl`
142
`atmage/wind/windbuff.skl`
143
`atmage/wind/dashbywind.skl`
144
`atmage/wind/windblades.skl`
145
`atmage/null/nullchange.skl`
146
`atmage/null/breaksense.skl`
147
`atmage/null/particlehop.skl`
148
`atmage/null/particleline.skl`
149
`atmage/null/particlestrom.skl`
150
`atmage/null/blackhole.skl`
151
`atmage/null/moirror.skl`
152
`atmage/null/swarm.skl`
153
`atmage/null/eventhorizen.skl`
154
`atmage/null/dropbox.skl`
155
`atmage/null/illsionstay.skl`
156
`atmage/null/atg.skl`
157
`atmage/null/teatime.skl`
158
`atmage/null/delusion.skl`
159
`atmage/null/particlesomke.skl`
160
`atmage/null/particlevoid.skl`
161
`atmage/null/fate.skl`
162
`atmage/null/sth.skl`
164
`atmage/blood/BloodHone.skl`
198
`ATMage/icecraft.skl`