#PVF_File

32
`ATSwordman/Chainslash.skl`
143
`ATSwordman/Darkslash.skl`
34
`ATSwordman/AtExecution.skl`
85
`ATSwordman/Guard.skl`
86
`ATSwordman/Liftslash.skl`
87
`ATSwordman/Mountaincrash.skl`
88
`ATSwordman/Siryun.skl`
91
`ATSwordman/Snakeshadow.skl`
93
`ATSwordman/Spinslash.skl`
94
`ATSwordman/Gorecross.skl`
147
`ATSwordman/Weaponcombo.skl`
3
`ATSwordman/Innerblade.skl`
4
`ATSwordman/Shortswordmastery.skl`
11
`ATSwordman/Blademastery.skl`
12
`ATSwordman/Heavyswordmastery.skl`
13
`ATSwordman/Bluntmastery.skl`
17
`ATSwordman/Drawsword.skl`
96
`ATSwordman/Changesword.skl`
144
`ATSwordman/Counterslash.skl`
145
`ATSwordman/Atspeedslash.skl`
126
`ATSwordman/Autoguard.skl`
128
`ATSwordman/Upperslash.skl`
146
`ATSwordman/Overdrive.skl`
131
`ATSwordman/Illusionblade.skl`
132
`ATSwordman/Thunderslash.skl`
14
`ATSwordman/Magicswordup.skl`
133
`ATSwordman/Halfmoon.skl`
134
`ATSwordman/Atflash.skl`
135
`ATSwordman/Excalibur.skl`
136
`ATSwordman/Devilslash.skl`
15
`ATSwordman/Bladesoul.skl`
142
`ATSwordman/Timeslash.skl`
137
`ATSwordman/Dragonupex.skl`
138
`ATSwordman/Magicswordshoot.skl`
16
`ATSwordman/Promiseofantiquity.skl`
139
`ATSwordman/Jackcatch.skl`
140
`ATSwordman/Breaksworddance.skl`
141
`ATSwordman/Laevateinn.skl`
92
`ATSwordman/basicattackupex.skl`
58
`ATSwordman/chainslashex.skl`
2
`ATSwordman/liftslashex.skl`
18
`ATSwordman/darkslashex.skl`
19
`ATSwordman/gorecrossex.skl`
26
`ATSwordman/siryunex.skl`
27
`ATSwordman/snakeshadowex.skl`
28
`ATSwordman/mountaincrashex.skl`
29
`ATSwordman/guardex.skl`
55
`ATSwordman/counterslashex.skl`
37
`ATSwordman/spinslashex.skl`
39
`ATSwordman/changeswordex.skl`
56
`ATSwordman/illusionbladeex.skl`
57
`ATSwordman/magicswordupex.skl`
42
`ATSwordman/halfmoonex.skl`
54
`ATSwordman/excaliburex.skl`
49
`ATSwordman/devilslashex.skl`
50
`ATSwordman/dragonupexex.skl`
51
`ATSwordman/jackcatchex.skl`
52
`ATSwordman/thunderslashex.skl`
53
`ATSwordman/upperslashex.skl`
148
`ATSwordman/Calldaimus.skl`
149
`ATSwordman/Whipswordbal.skl`
167
`ATSwordman/Snakedance.skl`
150
`ATSwordman/Atfrenzy.skl`
151
`ATSwordman/Pikesword.skl`
152
`ATSwordman/Clawblade.skl`
153
`ATSwordman/Wildwhip.skl`
154
`ATSwordman/Controldemonsword.skl`
155
`ATSwordman/Blooddance.skl`
156
`ATSwordman/Splitdemonsword.skl`
157
`ATSwordman/Groupdance.skl`
158
`ATSwordman/Darkstrike.skl`
159
`ATSwordman/Greed.skl`
160
`ATSwordman/Gigablade.skl`
161
`ATSwordman/Phnom.skl`
162
`ATSwordman/Blooddemonsword.skl`
163
`ATSwordman/Devilswordtech.skl`
164
`ATSwordman/Gigaslash.skl`
165
`ATSwordman/Ultimateblade.skl`
166
`ATSwordman/Ragnarok.skl`
31
`ATSwordman/blooddanceex.skl`
66
`ATSwordman/blooddemonswordex.skl`
78
`ATSwordman/calldaimusex.skl`
80
`ATSwordman/clawbladeex.skl`
89
`ATSwordman/darkstrikeex.skl`
90
`ATSwordman/groupdanceex.skl`
95
`ATSwordman/phnomex.skl`
97
`ATSwordman/pikeswordex.skl`
98
`ATSwordman/snakedanceex.skl`
99
`ATSwordman/splitdemonswordex.skl`
100
`ATSwordman/whipswordbalex.skl`
101
`ATSwordman/wildwhipex.skl`
250
`AtSwordman/Usir.skl`
59
`ATSwordman/SoulDrain.skl`
20
`ATSwordman/souldrainex.skl`
72
`ATSwordman/Madness.skl`
44
`ATSwordman/madnessex.skl`
60
`AtSwordman/ShadowHiding.skl`
43
`ATSwordman/shadowhidingex.skl`
61
`AtSwordman/ShadowBinding.skl`
46
`ATSwordman/shadowbindingex.skl`
62
`AtSwordman/HiddenBlade.skl`
24
`ATSwordman/hiddenbladeex.skl`
63
`AtSwordman/ShadowLancer.skl`
41
`ATSwordman/shadowlancerex.skl`
64
`AtSwordman/ShadowHarvest.skl`
47
`ATSwordman/shadowharvestex.skl`
65
`AtSwordman/Evolve.skl`
75
`AtSwordman/BuckShot.skl`
21
`ATSwordman/buckshotex.skl`
67
`AtSwordman/Scaffold.skl`
45
`ATSwordman/scaffoldex.skl`
68
`ATSwordman/ShadowPuppet.skl`
30
`ATSwordman/shadowpuppetex.skl`
69
`ATSwordman/BlackMirror.skl`
70
`ATSwordman/DeadlyCape.skl`
22
`ATSwordman/deadlycapeex.skl`
71
`ATSwordman/Destroyer.skl`
23
`ATSwordman/destroyerex.skl`
74
`ATSwordman/Doomsday.skl`
40
`ATSwordman/LoyalSlave.skl`
76
`ATSwordman/Congest.skl`
73
`ATSwordman/StarFall.skl`
10
`ATSwordman/starfallex.skl`
168
`ATSwordman/Immolation.skl`
25
`ATSwordman/immolationex.skl`
81
`ATSwordman/Punishment.skl`
82
`ATSwordman/Jihad.skl`
251
`ATSwordman/DeusExray.skl`
77
`ATSwordman/Vespers.skl`
202
`ATSwordman/Dualweapon.skl`
227
`ATSwordman/Revolvingsword.skl`
204
`ATSwordman/Threeside.skl`
103
`ATSwordman/Vagabondswordmanship.skl`
33
`ATSwordman/Equiplightsword.skl`
211
`ATSwordman/Inhalation.skl`
104
`ATSwordman/Threeflower.skl`
209
`ATSwordman/Fivecircle.skl`
210
`ATSwordman/Rapidstep.skl`
106
`ATSwordman/Ecstasy.skl`
105
`ATSwordman/Budclimb.skl`
213
`ATSwordman/Soarcut.skl`
214
`ATSwordman/Earthpressure.skl`
215
`ATSwordman/Nearblow.skl`
216
`ATSwordman/Coalban.skl`
217
`ATSwordman/Overblowslash.skl`
218
`ATSwordman/Blastsword.skl`
219
`ATSwordman/Fistofexplosion.skl`
220
`ATSwordman/Cometblade.skl`
221
`ATSwordman/Fatalflower.skl`
222
`ATSwordman/Zweivoltageex.skl`
223
`ATSwordman/Bigjang.skl`
224
`ATSwordman/Flowerbladedance.skl`
225
`ATSwordman/Hermittriplestep.skl`
226
`ATSwordman/Moonlightslash.skl`
79
`ATSwordman/bigjangex.skl`
83
`ATSwordman/blastswordex.skl`
109
`ATSwordman/coalbanex.skl`
111
`ATSwordman/cometbladeex.skl`
112
`ATSwordman/dualweaponex.skl`
113
`ATSwordman/earthpressureex.skl`
114
`ATSwordman/fistofexplosionex.skl`
115
`ATSwordman/inhalationex.skl`
116
`ATSwordman/nearblowex.skl`
117
`ATSwordman/overblowslashex.skl`
118
`ATSwordman/rapidstepex.skl`
119
`ATSwordman/soarcutex.skl`
120
`ATSwordman/vagabondswordmanshipex.skl`
169
`ATSwordman/BackStep.skl`
170
`ATSwordman/CancelBackStep.skl`
171
`ATSwordman/CancelThrowItem.skl`
172
`ATSwordman/ArmorMasteryLightsm.skl`
173
`ATSwordman/ArmorMasteryHeavyds.skl`
174
`ATSwordman/BasicAttackUp.skl`
175
`ATSwordman/JumpPowerUp.skl`
176
`ATSwordman/MagicalAttackUp.skl`
177
`ATSwordman/ThrowMastery.skl`
178
`ATSwordman/PhysicalBackAttackCritical.skl`
179
`ATSwordman/DisjointItem.skl`
180
`ATSwordman/SuperArmorOnCast.skl`
181
`ATSwordman/CompoundCraft.skl`
182
`ATSwordman/CompoundWeaving.skl`
183
`ATSwordman/CompoundMachine.skl`
184
`ATSwordman/CompoundChemistry.skl`
185
`ATSwordman/ArmorMasteryLeather.skl`
186
`ATSwordman/PhysicalCriticalHitUp.skl`
187
`ATSwordman/ArmorMasteryLeathervb.skl`
188
`ATSwordman/MagicalCriticalHitUp.skl`
189
`ATSwordman/MagicalBackAttackCritical.skl`
190
`ATSwordman/QuickStanding.skl`
195
`ATSwordman/BasicHpMaxUp.skl`
196
`ATSwordman/ArmorMasteryPlatedt.skl`
197
`ATSwordman/Conversion.skl`
200
`ATSwordman/StatusUp.skl`
201
`ATSwordman/ExperienceUp.skl`
191
`ATSwordman/Enchant.skl`
192
`ATSwordman/DollMaking.skl`
193
`ATSwordman/Alchemy.skl`
194
`ATSwordman/OpenDisjointShop.skl`
228
`ATSwordman/Trace.skl`
229
`ATSwordman/BlackOut.skl`
230
`ATSwordman/BlendingPain.skl`
231
`ATSwordman/BullsEye.skl`
232
`ATSwordman/Catharsis.skl`
233
`ATSwordman/DangerouShook.skl`
234
`ATSwordman/DayBreak.skl`
235
`ATSwordman/DeepDusk.skl`
236
`ATSwordman/DoubleShot.skl`
237
`ATSwordman/FullBody.skl`
238
`ATSwordman/HangOver.skl`
239
`ATSwordman/LastOrder.skl`
240
`ATSwordman/NightFall.skl`
241
`ATSwordman/OverPace.skl`
127
`ATSwordman/Professional.skl`
243
`ATSwordman/Rustynail.skl`
244
`ATSwordman/ShakerBlast.skl`
245
`ATSwordman/ShatteredGlass.skl`
246
`ATSwordman/ShowDown.skl`
247
`ATSwordman/SliceImpact.skl`
248
`ATSwordman/StraightShot.skl`
249
`ATSwordman/WildFlower.skl`
125
`ATSwordman/Infamous.skl`
123
`ATSwordman/License.skl`
122
`ATSwordman/OldFashioned.skl`
121
`ATSwordman/Vintage.skl`
254
`ATSwordman/Latentability.skl`