#PVF_File

1
`Thief/RisingCut.skl`
2
`Thief/Slicer.skl`
3
`Thief/ShiningCut.skl`
4
`Thief/DivingArrow.skl`
5
`Thief/FlameCut.skl`
6
`Thief/FlyingSquirrel.skl`
7
`Thief/ShadowCut.skl`
8
`Thief/Eraser.skl`
9
`Thief/HitEnd.skl`
11
`Thief/deathhurricane.skl`
12
`Thief/DeitieSrebirthex.skl`
13
`Thief/FirehIdeex.skl`
14
`Thief/FlameBallex.skl`
15
`Thief/FlameFlowerex.skl`
16
`Thief/VanditCut.skl`
17
`Thief/FlameTornadoex.skl`
18
`Thief/AerialJump.skl`
19
`Thief/BreakingRush.skl`
20
`Thief/GasolineFireex.skl`
21
`Thief/DarkSoul.skl`
22
`Thief/BoneShield.skl`
23
`Thief/CurseSpear.skl`
24
`Thief/Shuriken.skl`
25
`Thief/SkinTakeOff.skl`
26
`Thief/AnkleCut.skl`
27
`Thief/DoublePierce.skl`
28
`Thief/IlusionShurikenex.skl`
29
`Thief/DaggerMastery.skl`
30
`Thief/TwinSwordMastery.skl`
31
`Thief/Hurricane.skl`
33
`Thief/VerticalSpiral.skl`
34
`Thief/SonicAssault.skl`
35
`Thief/DarkNail.skl`
36
`Thief/DarkLure.skl`
37
`Thief/ApportBallacre.skl`
38
`Thief/Dummy.skl`
39
`Thief/AmbitionOfBallacre.skl`
40
`Thief/Guillotine.skl`
41
`Thief/ChainSaw.skl`
43
`Thief/ShiningCutAerial.skl`
44
`Thief/SideStep.skl`
45
`Thief/LightningArrow.skl`
46
`Thief/KurokaGenoJutsuex.skl`
47
`Thief/ExcelStrike.skl`
48
`Thief/LeaveTraceex.skl`
49
`Thief/BlameOfDead.skl`
50
`Thief/DarkRitual.skl`
51
`Thief/SummonNicolas.skl`
52
`Thief/NicolasSummonZombie.skl`
53
`Thief/NicolasBlackArea.skl`
54
`Thief/NicolasBehavior.skl`
55
`Thief/NicolasBlackWave.skl`
56
`Thief/MoonArc.skl`
57
`Thief/SilverStream.skl`
58
`Thief/FearOfBallacre.skl`
59
`Thief/Phantomstrom.skl`
60
`Thief/ArmorMasteryLeatherThief.skl`
61
`Thief/ArmorMasteryLeatherRogue.skl`
62
`Thief/ArmorMasteryLightNecro.skl`
63
`Thief/ArmorMasteryClothKuno.skl`
64
`Thief/ArmorMasteryLeatherShadow.skl`
65
`Thief/MigAwariex.skl`
66
`Thief/ShuriKenimProveex.skl`
67
`Thief/SkyRoadsex.skl`
68
`Thief/BigkunAiex.skl`
74
`Thief/BlameOfDeadEx.skl`
75
`Thief/VerticalSpiralEx.skl`
76
`Thief/ChainSawEx.skl`
77
`Thief/NicolasBlackWaveEx.skl`
78
`Thief/firehide.skl`
79
`Thief/equipchakraweapon.skl`
80
`Thief/ninjutsu.skl`
81
`Thief/flameball.skl`
82
`Thief/ilusionshuriken.skl`
83
`Thief/woodmove.skl`
84
`Thief/shurikenimprove.skl`
85
`Thief/flametornado.skl`
86
`Thief/bigkunai.skl`
87
`Thief/migawari.skl`
88
`Thief/leavetrace.skl`
89
`Thief/skyroads.skl`
90
`Thief/deitiesrebirth.skl`
91
`Thief/gasolinefire.skl`
92
`Thief/flameflower.skl`
93
`Thief/ThiefNewSkill/DieJi.skl`
94
`Thief/ThiefNewSkill/HuiXieJingTong.skl`
95
`Thief/firemark.skl`
96
`Thief/flyingswallow.skl`
97
`Thief/yamataorochi.skl`
98
`Thief/fuumashuriken.skl`
99
`Thief/amateras.skl`
100
`Thief/swordofkusanagi.skl`
102
`Thief/kurokagenojutsu.skl`
103
`Thief/doomfield.skl`
123
`Thief/mirrorofyata.skl`
129
`thief/shadow/assassinationex.skl`
130
`thief/shadow/bladegustex.skl`
131
`thief/shadow/cardioclasisex.skl`
132
`thief/shadow/covertactionex.skl`
133
`thief/shadow/cuttingneckex.skl`
134
`thief/shadow/finaldestructionex.skl`
135
`thief/shadow/gotohellex.skl`
136
`thief/shadow/holdupex.skl`
137
`thief/shadow/shadowdancingex.skl`
140
`Thief/ShurikenEx.skl`
141
`Thief/CurseSpearEx.skl`
142
`Thief/EraserEx.skl`
143
`Thief/DivingArrowEx.skl`
144
`Thief/HurricaneEx.skl`
145
`Thief/HitEndEx.skl`
146
`Thief/DarkLureEx.skl`
147
`Thief/NicolasBlackAreaEx.skl`
148
`Thief/ShiningCutEx.skl`
149
`Thief/SonicAssaultEx.skl`
150
`Thief/DarkSoulEx.skl`
151
`Thief/ApportBallacreEx.skl`
152
`Thief/BasicAttackUpEx.skl`
153
`Thief/RisingCutEx.skl`
154
`Thief/SlicerEx.skl`
155
`Thief/FlameCutEx.skl`
156
`Thief/ShadowCutEx.skl`
157
`Thief/BoneShieldEx.skl`
158
`Thief/AnkleCutEx.skl`
159
`Thief/FlyingSquirrelEx.skl`
160
`Thief/ExcelStrikeEx.skl`
161
`Thief/VerticalSpiralExp.skl`
162
`Thief/LightningArrowEx.skl`
163
`Thief/ChainSawExp.skl`
164
`Thief/DoublePierceEx.skl`
165
`Thief/VanditCutEx.skl`
169
`Thief/BackStep.skl`
172
`Thief/ArmorMasteryLight.skl`
173
`Thief/ArmorMasteryHeavy.skl`
174
`Thief/BasicAttackUp.skl`
175
`Thief/JumpPowerUp.skl`
176
`Thief/MagicalAttackUp.skl`
177
`Thief/ThrowMastery.skl`
178
`Thief/PhysicalBackAttackCritical.skl`
179
`Thief/DisjointItem.skl`
180
`Thief/SuperArmorOnCast.skl`
181
`Thief/CompoundCraft.skl`
182
`Thief/CompoundWeaving.skl`
183
`Thief/CompoundMachine.skl`
184
`Thief/CompoundChemistry.skl`
185
`Thief/ArmorMasteryLeather.skl`
186
`Thief/PhysicalCriticalHitUp.skl`
187
`Thief/ArmorMasteryCloth.skl`
188
`Thief/MagicalCriticalHitUp.skl`
189
`Thief/MagicalBackAttackCritical.skl`
190
`Thief/QuickStanding.skl`
191
`Thief/Enchant.skl`
192
`Thief/DollMaking.skl`
193
`Thief/Alchemy.skl`
194
`Thief/OpenDisjointShop.skl`
195
`Thief/BasicHpMaxUp.skl`
196
`Thief/ArmorMasteryPlate.skl`
197
`Thief/Conversion.skl`
200
`Thief/StatusUp.skl`
201
`Thief/ExperienceUp.skl`
210
`Thief/SummonNicolasEx.skl`
211
`Thief/DarkNailEx.skl`
212
`Thief/BlameOfDeadExp.skl`
213
`Thief/AmbitionOfBallacreEx.skl`
214
`Thief/NicolasBlackWaveExp.skl`
215
`Thief/GuillotineEx.skl`
216
`Thief/NicolasSummonZombieEx.skl`
217
`Thief/SkinTakeOffEx.skl`
218
`Thief/ElementAttackAllUpEx.skl`
219
`Thief/ElementToleranceAllUpEx.skl`
220
`Thief/thief_exoticrampant.skl`
221
`Thief/thief_distribution.skl`
222
`Thief/thief_novaremnant.skl`
223
`Thief/thief_executionerslash.skl`
224
`Thief/thief_nicolasblackarachnia.skl`
225
`Thief/thief_ballacreadvent.skl`
226
`Thief/thief_livingdead.skl`
229
`thief/shadow/cardioheart.skl`
230
`Thief/WuQi.skl`
231
`thief/shadow/cutneck.skl`
232
`thief/shadow/gotohell.skl`
233
`thief/shadow/holdup.skl`
234
`thief/shadow/behindcut.skl`
235
`thief/shadow/shaowarea.skl`
236
`thief/shadow/shaowslash.skl`
237
`thief/shadow/shaowstay.skl`
238
`thief/shadow/speedslade.skl`
239
`thief/shadow/assassinofcreed.skl`
240
`thief/shadow/assassin.skl`
241
`thief/shadow/bloodshaowslash.skl`
242
`thief/shadow/assassination.skl`
243
`thief/shadow/bloodandshaow.skl`
244
`thief/shadow/shaowwipe.skl`
245
`thief/shadow/severshaowslash.skl`
246
`thief/shadow/bloodshaowdancce.skl`
247
`thief/shadow/breakheart.skl`
248
`thief/shadow/shaowsoul.skl`
252
`Thief/thief_comminterrupt.skl`
254
`Thief/LATENTABILITY.skl`